Microchip MPLAB XC8 Compiler V1.32 ()

Linker command line:

--edf=/Applications/microchip/xc8/v1.32/dat/en_msgs.txt -cs \
  -h+dist/default/production/matriLedWatch.X.production.sym \
  --cmf=dist/default/production/matriLedWatch.X.production.cmf -z -Q16F1947 \
  -o/tmp/cgtDkdF4U -Mdist/default/production/matriLedWatch.X.production.map \
  -E1 -ver=XC8 -ASTACK=0202Bh-0231fh -pstack=STACK -ACONST=00h-0FFhx64 \
  -ACODE=00h-07FFhx8 -ASTRCODE=00h-03FFFh -AENTRY=00h-0FFhx64 \
  -ASTRING=00h-0FFhx64 -ACOMMON=070h-07Fh -ABANK0=020h-06Fh \
  -ABANK1=0A0h-0EFh -ABANK2=0120h-016Fh -ABANK3=01A0h-01EFh \
  -ABANK4=0220h-026Fh -ABANK5=02A0h-02EFh -ABANK6=0320h-036Fh \
  -ABANK7=03A0h-03EFh -ABANK8=0420h-046Fh -ABANK9=04A0h-04EFh \
  -ABANK10=0520h-056Fh -ABANK11=05A0h-05EFh -ABANK12=0620h-064Fh \
  -ABIGRAM=02000h-023EFh \
  -ARAM=020h-06Fh,0A0h-0EFh,0120h-016Fh,01A0h-01EFh,0220h-026Fh,02A0h-02EFh,0320h-036Fh,03A0h-03EFh,0420h-046Fh,04A0h-04EFh,0520h-056Fh,05A0h-05EFh,0620h-064Fh \
  -AABS1=020h-07Fh,0A0h-0EFh,0120h-016Fh,01A0h-01EFh,0220h-026Fh,02A0h-02EFh,0320h-036Fh,03A0h-03EFh,0420h-046Fh,04A0h-04EFh,0520h-056Fh,05A0h-05EFh,0620h-064Fh \
  -ASFR0=00h-01Fh -ASFR1=080h-09Fh -ASFR2=0100h-011Fh -ASFR3=0180h-019Fh \
  -ASFR4=0200h-021Fh -ASFR5=0280h-029Fh -ASFR6=0300h-031Fh \
  -ASFR7=0380h-039Fh -ASFR8=0400h-041Fh -ASFR9=0480h-049Fh \
  -ASFR10=0500h-051Fh -ASFR11=0580h-059Fh -ASFR12=0600h-061Fh \
  -ASFR13=0680h-06EFh -ASFR14=0700h-076Fh -ASFR15=0780h-07EFh \
  -ASFR16=0800h-086Fh -ASFR17=0880h-08EFh -ASFR18=0900h-096Fh \
  -ASFR19=0980h-09EFh -ASFR20=0A00h-0A6Fh -ASFR21=0A80h-0AEFh \
  -ASFR22=0B00h-0B6Fh -ASFR23=0B80h-0BEFh -ASFR24=0C00h-0C6Fh \
  -ASFR25=0C80h-0CEFh -ASFR26=0D00h-0D6Fh -ASFR27=0D80h-0DEFh \
  -ASFR28=0E00h-0E6Fh -ASFR29=0E80h-0EEFh -ASFR30=0F00h-0F6Fh \
  -ASFR31=0F80h-0FEFh -preset_vec=00h,intentry=04h,init,end_init \
  -ppowerup=CODE -pcinit=CODE -pfunctab=CODE -ACONFIG=08007h-08008h \
  -pconfig=CONFIG -DCONFIG=2 -AIDLOC=08000h-08003h -pidloc=IDLOC -DIDLOC=2 \
  -AEEDATA=00h-0FFh/0F000h -peeprom_data=EEDATA -DEEDATA=2 -DCODE=2 \
  -DSTRCODE=2 -DSTRING=2 -DCONST=2 -DENTRY=2 -k /tmp/cgtXPBOOp.obj \
  dist/default/production/matriLedWatch.X.production.obj 

Object code version is 3.11

Machine type is 16F1947



                Name                               Link     Load   Length Selector   Space Scale
/tmp/cgtXPBOOp.obj
                end_init                            11D      11D        2        8       0
                reset_vec                             0        0        2        0       0
                config                             8007     8007        2    1000E       0
dist/default/production/matriLedWatch.X.production.obj
                cinit                               11F      11F       25        8       0
                intentry                              4        4      119        8       0
                swtext2                             800      800       10     1000       0
                text12                              C76      C76        6     18EC       0
                text11                              1A7      1A7       59        8       0
                text10                              779      779       72      900       0
                text9                               144      144       63        8       0
                text8                               7EB      7EB       12      900       0
                text7                               6E8      6E8       91      900       0
                text6                               DB2      DB2       54     1B64       0
                text5                               CCF      CCF       48     199E       0
                text4                               D17      D17       4C     1A2E       0
                text3                               E06      E06      1FA     1C0C       0
                text2                               D63      D63       4F     1AC6       0
                text1                               480      480      268      900       0
                swtext1                             810      810        C     1000       0
                maintext                            C88      C88       47     1910       0
                cstackBANK0                          20       20       1D       20       1
                cstackCOMMON                         70       70        9       70       1
                clrtext                             C7C      C7C        C     18F8       0
                dataBANK0                            49       49        2       20       1
                bssBANK0                             3D       3D        C       20       1
                bssCOMMON                            79       79        3       70       1
                bitbssCOMMON                        3E0       7C        1       70       1     8
                stringtext                          200      200      280        4       0
                idataBANK0                          7FD      7FD        2      900       0

TOTAL           Name                               Link     Load   Length     Space
        CLASS   STACK          

        CLASS   CONST          
                swtext2                             800      800       10         0
                swtext1                             810      810        C         0

        CLASS   CODE           
                end_init                            11D      11D        2         0
                cinit                               11F      11F       25         0
                intentry                              4        4      119         0
                reset_vec                             0        0        2         0
                text12                              C76      C76        6         0
                text11                              1A7      1A7       59         0
                text10                              779      779       72         0
                text9                               144      144       63         0
                text8                               7EB      7EB       12         0
                text7                               6E8      6E8       91         0
                text6                               DB2      DB2       54         0
                text5                               CCF      CCF       48         0
                text4                               D17      D17       4C         0
                text3                               E06      E06      1FA         0
                text2                               D63      D63       4F         0
                text1                               480      480      268         0
                maintext                            C88      C88       47         0
                clrtext                             C7C      C7C        C         0
                idataBANK0                          7FD      7FD        2         0

        CLASS   STRCODE        
                stringtext                          200      200      280         0

        CLASS   ENTRY          

        CLASS   STRING         

        CLASS   COMMON         
                cstackCOMMON                         70       70        9         1
                bssCOMMON                            79       79        3         1
                bitbssCOMMON                        3E0       7C        1         1

        CLASS   BANK0          
                cstackBANK0                          20       20       1D         1
                dataBANK0                            49       49        2         1
                bssBANK0                             3D       3D        C         1

        CLASS   BANK1          

        CLASS   BANK2          

        CLASS   BANK3          

        CLASS   BANK4          

        CLASS   BANK5          

        CLASS   BANK6          

        CLASS   BANK7          

        CLASS   BANK8          

        CLASS   BANK9          

        CLASS   BANK10         

        CLASS   BANK11         

        CLASS   BANK12         

        CLASS   BIGRAM         

        CLASS   RAM            

        CLASS   ABS1           
                abs_s1                               7E       7E        2         1
                abs_s1                              530      530       40         1
                abs_s1                              5A0      5A0       50         1
                abs_s1                              620      620       30         1
                abs_s1                             2330     2330        0         1

        CLASS   SFR0           

        CLASS   SFR1           

        CLASS   SFR2           

        CLASS   SFR3           

        CLASS   SFR4           

        CLASS   SFR5           

        CLASS   SFR6           

        CLASS   SFR7           

        CLASS   SFR8           

        CLASS   SFR9           

        CLASS   SFR10          

        CLASS   SFR11          

        CLASS   SFR12          

        CLASS   SFR13          

        CLASS   SFR14          

        CLASS   SFR15          

        CLASS   SFR16          

        CLASS   SFR17          

        CLASS   SFR18          

        CLASS   SFR19          

        CLASS   SFR20          

        CLASS   SFR21          

        CLASS   SFR22          

        CLASS   SFR23          

        CLASS   SFR24          

        CLASS   SFR25          

        CLASS   SFR26          

        CLASS   SFR27          

        CLASS   SFR28          

        CLASS   SFR29          

        CLASS   SFR30          

        CLASS   SFR31          

        CLASS   CONFIG         
                config                             8007     8007        2         0

        CLASS   IDLOC          

        CLASS   EEDATA         

        CLASS   BANK31         

        CLASS   BANK30         

        CLASS   BANK29         

        CLASS   BANK28         

        CLASS   BANK27         

        CLASS   BANK26         

        CLASS   BANK25         

        CLASS   BANK24         

        CLASS   BANK23         

        CLASS   BANK22         

        CLASS   BANK21         

        CLASS   BANK20         

        CLASS   BANK19         

        CLASS   BANK18         

        CLASS   BANK17         

        CLASS   BANK16         

        CLASS   BANK15         

        CLASS   BANK14         

        CLASS   BANK13         



SEGMENTS        Name                           Load    Length   Top    Selector   Space  Class     Delta

                reset_vec                      000000  000002  000002         0       0  CODE        2
                intentry                       000004  0001FC  000200         8       0  CODE        2
                cstackBANK0                    000020  00002B  00004B        20       1  BANK0       1
                cstackCOMMON                   000070  00000D  00007D        70       1  COMMON      1
                stringtext                     000200  000280  000480         4       0  STRCODE     2
                text1                          000480  00037F  0007FF       900       0  CODE        2
                swtext2                        000800  00001C  00081C      1000       0  CONST       2
                text12                         000C76  000006  000C7C      18EC       0  CODE        2
                clrtext                        000C7C  00000C  000C88      18F8       0  CODE        2
                maintext                       000C88  000047  000CCF      1910       0  CODE        2
                text5                          000CCF  000048  000D17      199E       0  CODE        2
                text4                          000D17  00004C  000D63      1A2E       0  CODE        2
                text2                          000D63  00004F  000DB2      1AC6       0  CODE        2
                text6                          000DB2  000054  000E06      1B64       0  CODE        2
                text3                          000E06  0001FA  001000      1C0C       0  CODE        2
                config                         008007  000002  008009     1000E       0  CONFIG      2


UNUSED ADDRESS RANGES

        Name                Unused          Largest block    Delta
        BANK0            0004B-0006F              25           1
        BANK1            000A0-000EF              50           1
        BANK10           00520-0052F              10           1
        BANK2            00120-0016F              50           1
        BANK3            001A0-001EF              50           1
        BANK4            00220-0026F              50           1
        BANK5            002A0-002EF              50           1
        BANK6            00320-0036F              50           1
        BANK7            003A0-003EF              50           1
        BANK8            00420-0046F              50           1
        BANK9            004A0-004EF              50           1
        BIGRAM           02000-023EF             3F0           1
        CODE             00002-00003               2           2
                         007FF-007FF               1
                         0081C-00C75             45A
                         01000-03FFF             800
        COMMON           0007D-0007D               1           1
        CONST            00002-00003               2           2
                         007FF-007FF               1
                         0081C-00C75             100
                         01000-03FFF             100
        EEDATA           0F000-0F0FF             100           2
        ENTRY            00002-00003               2           2
                         007FF-007FF               1
                         0081C-00C75             100
                         01000-03FFF             100
        IDLOC            08000-08003               4           2
        RAM              0004B-0006F              25           1
                         000A0-000EF              50
                         00120-0016F              50
                         001A0-001EF              50
                         00220-0026F              50
                         002A0-002EF              50
                         00320-0036F              50
                         003A0-003EF              50
                         00420-0046F              50
                         004A0-004EF              50
                         00520-0052F              10
        SFR0             00000-0001F              20           1
        SFR1             00080-0009F              20           1
        SFR10            00500-0051F              20           1
        SFR11            00580-0059F              20           1
        SFR12            00600-0061F              20           1
        SFR13            00680-006EF              70           1
        SFR14            00700-0076F              70           1
        SFR15            00780-007EF              70           1
        SFR16            00800-0086F              70           1
        SFR17            00880-008EF              70           1
        SFR18            00900-0096F              70           1
        SFR19            00980-009EF              70           1
        SFR2             00100-0011F              20           1
        SFR20            00A00-00A6F              70           1
        SFR21            00A80-00AEF              70           1
        SFR22            00B00-00B6F              70           1
        SFR23            00B80-00BEF              70           1
        SFR24            00C00-00C6F              70           1
        SFR25            00C80-00CEF              70           1
        SFR26            00D00-00D6F              70           1
        SFR27            00D80-00DEF              70           1
        SFR28            00E00-00E6F              70           1
        SFR29            00E80-00EEF              70           1
        SFR3             00180-0019F              20           1
        SFR30            00F00-00F6F              70           1
        SFR31            00F80-00FEF              70           1
        SFR4             00200-0021F              20           1
        SFR5             00280-0029F              20           1
        SFR6             00300-0031F              20           1
        SFR7             00380-0039F              20           1
        SFR8             00400-0041F              20           1
        SFR9             00480-0049F              20           1
        STACK            0202B-0231F             2F5           1
        STRCODE          00002-00003               2           2
                         007FF-007FF               1
                         0081C-00C75             45A
                         01000-03FFF            3000
        STRING           00002-00003               2           2
                         007FF-007FF               1
                         0081C-00C75             100
                         01000-03FFF             100

                                  Symbol Table

?___awdiv                            cstackBANK0  00020
?___awmod                            cstackBANK0  00020
BMA150_ReadByte@address              cstackBANK0  00020
BMA150_WriteByte@address             cstackBANK0  00024
BMA150_WriteByte@data                cstackBANK0  00021
BMA150_WriteByte@storage             cstackBANK0  00023
InitBma150@i                         cstackBANK0  00027
InitBma150@reg                       cstackBANK0  00029
_ADCON0                              (abs)        0009D
_ADCON0bits                          (abs)        0009D
_ADCON1                              (abs)        0009E
_ADRESH                              (abs)        0009C
_ANSELA                              (abs)        0018C
_ANSELE                              (abs)        00190
_ANSELF                              (abs)        0040C
_ANSELG                              (abs)        0040D
_BMA150_ReadByte                     text11       001A7
_BMA150_WriteByte                    text10       00779
_FVRCON                              (abs)        00117
_FVRCONbits                          (abs)        00117
_GIE                                 (abs)        0005F
_IOCBF                               (abs)        00396
_IOCBFbits                           (abs)        00396
_IOCBN                               (abs)        00395
_IOCBP                               (abs)        00394
_IOCIE                               (abs)        0005B
_IOCIF                               (abs)        00058
_InitBma150                          text9        00144
_LATA                                (abs)        0010C
_LATBbits                            (abs)        0010D
_LATCbits                            (abs)        0010E
_LATD                                (abs)        0010F
_LATE                                (abs)        00110
_LATFbits                            (abs)        0038C
_LATGbits                            (abs)        0038D
_OPTION_REG                          (abs)        00095
_OSCCON                              (abs)        00099
_OSCSTATbits                         (abs)        0009A
_PEIE                                (abs)        0005E
_PIR1bits                            (abs)        00011
_PORTBbits                           (abs)        0000D
_PR2                                 (abs)        0001B
_SSP1BUF                             (abs)        00211
_SSP1CON1                            (abs)        00215
_SSP1CON1bits                        (abs)        00215
_SSP1STAT                            (abs)        00214
_SSP1STATbits                        (abs)        00214
_T1CON                               (abs)        00018
_T1CONbits                           (abs)        00018
_T2CON                               (abs)        0001C
_T2CONbits                           (abs)        0001C
_TMR0                                (abs)        00015
_TMR0IE                              (abs)        0005D
_TMR0IF                              (abs)        0005A
_TMR1                                (abs)        00016
_TMR1IE                              (abs)        00488
_TMR1IF                              (abs)        00088
_TMR2                                (abs)        0001A
_TMR2IE                              (abs)        00489
_TMR2IF                              (abs)        00089
_TRISA                               (abs)        0008C
_TRISBbits                           (abs)        0008D
_TRISCbits                           (abs)        0008E
_TRISD                               (abs)        0008F
_TRISE                               (abs)        00090
_TRISFbits                           (abs)        0030C
_TRISGbits                           (abs)        0030D
_WPUB                                (abs)        0020D
__CFG_BOREN$OFF                      (abs)        00000
__CFG_FOSC$INTOSC                    (abs)        00000
__CFG_LVP$OFF                        (abs)        00000
__CFG_PLLEN$OFF                      (abs)        00000
__CFG_STVREN$OFF                     (abs)        00000
__CFG_WDTE$OFF                       (abs)        00000
__Habs1                              abs1         00000
__Hbank0                             bank0        00000
__Hbank1                             bank1        00000
__Hbank10                            bank10       00000
__Hbank11                            bank11       00000
__Hbank12                            bank12       00000
__Hbank13                            bank13       00000
__Hbank14                            bank14       00000
__Hbank15                            bank15       00000
__Hbank16                            bank16       00000
__Hbank17                            bank17       00000
__Hbank18                            bank18       00000
__Hbank19                            bank19       00000
__Hbank2                             bank2        00000
__Hbank20                            bank20       00000
__Hbank21                            bank21       00000
__Hbank22                            bank22       00000
__Hbank23                            bank23       00000
__Hbank24                            bank24       00000
__Hbank25                            bank25       00000
__Hbank26                            bank26       00000
__Hbank27                            bank27       00000
__Hbank28                            bank28       00000
__Hbank29                            bank29       00000
__Hbank3                             bank3        00000
__Hbank30                            bank30       00000
__Hbank31                            bank31       00000
__Hbank4                             bank4        00000
__Hbank5                             bank5        00000
__Hbank6                             bank6        00000
__Hbank7                             bank7        00000
__Hbank8                             bank8        00000
__Hbank9                             bank9        00000
__Hbigram                            bigram       00000
__HbitbssCOMMON                      bitbssCOMMON 00000
__HbssBANK0                          bssBANK0     00000
__HbssCOMMON                         bssCOMMON    00000
__Hcinit                             cinit        00144
__Hclrtext                           clrtext      00000
__Hcode                              code         00000
__Hcommon                            common       00000
__Hconfig                            config       08009
__HcstackBANK0                       cstackBANK0  00000
__HcstackCOMMON                      cstackCOMMON 00000
__HdataBANK0                         dataBANK0    00000
__Heeprom_data                       eeprom_data  00000
__Hend_init                          end_init     0011F
__Hfunctab                           functab      00000
__HidataBANK0                        idataBANK0   00000
__Hidloc                             idloc        00000
__Hinit                              init         0011D
__Hintentry                          intentry     0011D
__Hmaintext                          maintext     00000
__Hpowerup                           powerup      00000
__Hram                               ram          00000
__Hreset_vec                         reset_vec    00002
__Hsfr0                              sfr0         00000
__Hsfr1                              sfr1         00000
__Hsfr10                             sfr10        00000
__Hsfr11                             sfr11        00000
__Hsfr12                             sfr12        00000
__Hsfr13                             sfr13        00000
__Hsfr14                             sfr14        00000
__Hsfr15                             sfr15        00000
__Hsfr16                             sfr16        00000
__Hsfr17                             sfr17        00000
__Hsfr18                             sfr18        00000
__Hsfr19                             sfr19        00000
__Hsfr2                              sfr2         00000
__Hsfr20                             sfr20        00000
__Hsfr21                             sfr21        00000
__Hsfr22                             sfr22        00000
__Hsfr23                             sfr23        00000
__Hsfr24                             sfr24        00000
__Hsfr25                             sfr25        00000
__Hsfr26                             sfr26        00000
__Hsfr27                             sfr27        00000
__Hsfr28                             sfr28        00000
__Hsfr29                             sfr29        00000
__Hsfr3                              sfr3         00000
__Hsfr30                             sfr30        00000
__Hsfr31                             sfr31        00000
__Hsfr4                              sfr4         00000
__Hsfr5                              sfr5         00000
__Hsfr6                              sfr6         00000
__Hsfr7                              sfr7         00000
__Hsfr8                              sfr8         00000
__Hsfr9                              sfr9         00000
__Hspace_0                           (abs)        08009
__Hspace_1                           (abs)        003E1
__Hspace_2                           (abs)        00000
__Hspace_3                           (abs)        00000
__Hstack                             stack        00000
__Hstrings                           strings      00000
__Hstringtext                        stringtext   00000
__Htext                              text         00000
__Labs1                              abs1         00000
__Lbank0                             bank0        00000
__Lbank1                             bank1        00000
__Lbank10                            bank10       00000
__Lbank11                            bank11       00000
__Lbank12                            bank12       00000
__Lbank13                            bank13       00000
__Lbank14                            bank14       00000
__Lbank15                            bank15       00000
__Lbank16                            bank16       00000
__Lbank17                            bank17       00000
__Lbank18                            bank18       00000
__Lbank19                            bank19       00000
__Lbank2                             bank2        00000
__Lbank20                            bank20       00000
__Lbank21                            bank21       00000
__Lbank22                            bank22       00000
__Lbank23                            bank23       00000
__Lbank24                            bank24       00000
__Lbank25                            bank25       00000
__Lbank26                            bank26       00000
__Lbank27                            bank27       00000
__Lbank28                            bank28       00000
__Lbank29                            bank29       00000
__Lbank3                             bank3        00000
__Lbank30                            bank30       00000
__Lbank31                            bank31       00000
__Lbank4                             bank4        00000
__Lbank5                             bank5        00000
__Lbank6                             bank6        00000
__Lbank7                             bank7        00000
__Lbank8                             bank8        00000
__Lbank9                             bank9        00000
__Lbigram                            bigram       00000
__LbitbssCOMMON                      bitbssCOMMON 00000
__LbssBANK0                          bssBANK0     00000
__LbssCOMMON                         bssCOMMON    00000
__Lcinit                             cinit        0011F
__Lclrtext                           clrtext      00000
__Lcode                              code         00000
__Lcommon                            common       00000
__Lconfig                            config       08007
__LcstackBANK0                       cstackBANK0  00000
__LcstackCOMMON                      cstackCOMMON 00000
__LdataBANK0                         dataBANK0    00000
__Leeprom_data                       eeprom_data  00000
__Lend_init                          end_init     0011D
__Lfunctab                           functab      00000
__LidataBANK0                        idataBANK0   00000
__Lidloc                             idloc        00000
__Linit                              init         0011D
__Lintentry                          intentry     00004
__Lmaintext                          maintext     00000
__Lpowerup                           powerup      00000
__Lram                               ram          00000
__Lreset_vec                         reset_vec    00000
__Lsfr0                              sfr0         00000
__Lsfr1                              sfr1         00000
__Lsfr10                             sfr10        00000
__Lsfr11                             sfr11        00000
__Lsfr12                             sfr12        00000
__Lsfr13                             sfr13        00000
__Lsfr14                             sfr14        00000
__Lsfr15                             sfr15        00000
__Lsfr16                             sfr16        00000
__Lsfr17                             sfr17        00000
__Lsfr18                             sfr18        00000
__Lsfr19                             sfr19        00000
__Lsfr2                              sfr2         00000
__Lsfr20                             sfr20        00000
__Lsfr21                             sfr21        00000
__Lsfr22                             sfr22        00000
__Lsfr23                             sfr23        00000
__Lsfr24                             sfr24        00000
__Lsfr25                             sfr25        00000
__Lsfr26                             sfr26        00000
__Lsfr27                             sfr27        00000
__Lsfr28                             sfr28        00000
__Lsfr29                             sfr29        00000
__Lsfr3                              sfr3         00000
__Lsfr30                             sfr30        00000
__Lsfr31                             sfr31        00000
__Lsfr4                              sfr4         00000
__Lsfr5                              sfr5         00000
__Lsfr6                              sfr6         00000
__Lsfr7                              sfr7         00000
__Lsfr8                              sfr8         00000
__Lsfr9                              sfr9         00000
__Lspace_0                           (abs)        00000
__Lspace_1                           (abs)        00000
__Lspace_2                           (abs)        00000
__Lspace_3                           (abs)        00000
__Lstack                             stack        00000
__Lstrings                           strings      00000
__Lstringtext                        stringtext   00000
__Ltext                              text         00000
__S0                                 (abs)        08009
__S1                                 (abs)        0007D
__S2                                 (abs)        00000
__S3                                 (abs)        00000
___awdiv                             text6        00DB2
___awdiv@counter                     cstackBANK0  00025
___awdiv@dividend                    cstackBANK0  00022
___awdiv@divisor                     cstackBANK0  00020
___awdiv@quotient                    cstackBANK0  00027
___awdiv@sign                        cstackBANK0  00026
___awmod                             text5        00CCF
___awmod@counter                     cstackBANK0  00025
___awmod@dividend                    cstackBANK0  00022
___awmod@divisor                     cstackBANK0  00020
___awmod@sign                        cstackBANK0  00026
___int_sp                            stack        00000
___latbits                           (abs)        00003
___sp                                stack        00000
__end_of_BMA150_ReadByte             text11       00200
__end_of_BMA150_WriteByte            text10       007EB
__end_of_InitBma150                  text9        001A7
__end_of___awdiv                     text6        00E06
__end_of___awmod                     text5        00D17
__end_of__initialization             cinit        00140
__end_of_bitmapClear                 text8        007FD
__end_of_bitmapGetPixel              text2        00DB2
__end_of_bitmapPutPixel              text4        00D63
__end_of_fastClock                   text12       00C7C
__end_of_font                        stringtext   00480
__end_of_init                        text7        00779
__end_of_isr                         intentry     0011D
__end_of_main                        maintext     00CCF
__end_of_setTime                     text3        01000
__end_of_showTime                    text1        006E8
__initialization                     cinit        0011F
__pbitbssCOMMON                      bitbssCOMMON 003E0
__pbssBANK0                          bssBANK0     0003D
__pbssBIGRAM                         (abs)        02330
__pbssCOMMON                         bssCOMMON    00079
__pcstackBANK0                       cstackBANK0  00020
__pcstackCOMMON                      cstackCOMMON 00070
__pdataBANK0                         dataBANK0    00049
__pidataBANK0                        idataBANK0   007FD
__pintentry                          intentry     00004
__pmaintext                          maintext     00C88
__pstringtext                        stringtext   00200
__pswtext1                           swtext1      00810
__pswtext2                           swtext2      00800
__ptext1                             text1        00480
__ptext10                            text10       00779
__ptext11                            text11       001A7
__ptext12                            text12       00C76
__ptext2                             text2        00D63
__ptext3                             text3        00E06
__ptext4                             text4        00D17
__ptext5                             text5        00CCF
__ptext6                             text6        00DB2
__ptext7                             text7        006E8
__ptext8                             text8        007EB
__ptext9                             text9        00144
__size_of_BMA150_ReadByte            (abs)        00000
__size_of_BMA150_WriteByte           (abs)        00000
__size_of_InitBma150                 (abs)        00000
__size_of___awdiv                    (abs)        00000
__size_of___awmod                    (abs)        00000
__size_of_bitmapClear                (abs)        00000
__size_of_bitmapGetPixel             (abs)        00000
__size_of_bitmapPutPixel             (abs)        00000
__size_of_fastClock                  (abs)        00000
__size_of_init                       (abs)        00000
__size_of_isr                        (abs)        00000
__size_of_main                       (abs)        00000
__size_of_setTime                    (abs)        00000
__size_of_showTime                   (abs)        00000
_ampm                                bitbssCOMMON 003E0
_bitmap                              (abs)        02330
_bitmapClear                         text8        007EB
_bitmapGetPixel                      text2        00D63
_bitmapPutPixel                      text4        00D17
_currentRefreshingColor              bssBANK0     00041
_currentRefreshingPwmSweep           bssCOMMON    00079
_currentRefreshingRow                bssCOMMON    0007A
_currentRefreshingRowIndex           bssCOMMON    0007B
_currentState                        bssBANK0     00042
_fastClock                           text12       00C76
_font                                stringtext   00200
_fontPtr                             dataBANK0    00049
_hours                               bssBANK0     00043
_init                                text7        006E8
_isr                                 intentry     00004
_main                                maintext     00C88
_minutes                             bssBANK0     00044
_newSecond                           bssBANK0     00045
_seconds                             bssBANK0     00046
_setTime                             text3        00E06
_showTime                            text1        00480
_tickCounter                         bssBANK0     00047
_timerTicks                          bssBANK0     0003D
_tmr1Value                           bssBANK0     0003F
_updateDisplayRequest                bssBANK0     00048
bitmapClear@i                        cstackBANK0  00021
bitmapGetPixel@b                     cstackBANK0  00023
bitmapGetPixel@currentPixelPosition  cstackBANK0  00027
bitmapGetPixel@g                     cstackBANK0  00022
bitmapGetPixel@i                     cstackBANK0  00026
bitmapGetPixel@r                     cstackBANK0  00021
bitmapGetPixel@x                     cstackBANK0  00025
bitmapGetPixel@y                     cstackBANK0  00020
bitmapPutPixel@b                     cstackBANK0  00023
bitmapPutPixel@currentPixelPosition  cstackBANK0  00028
bitmapPutPixel@g                     cstackBANK0  00022
bitmapPutPixel@i                     cstackBANK0  00027
bitmapPutPixel@r                     cstackBANK0  00021
bitmapPutPixel@x                     cstackBANK0  00026
bitmapPutPixel@y                     cstackBANK0  00020
btemp                                (abs)        0007E
clear_ram0                           clrtext      00C7C
end_of_initialization                cinit        00140
intlevel0                            functab      00000
intlevel1                            functab      00000
intlevel2                            functab      00000
intlevel3                            functab      00000
intlevel4                            functab      00000
intlevel5                            functab      00000
isr@currentRefreshingColumn          cstackCOMMON 00078
isr@rowValueTempB                    cstackCOMMON 00077
isr@rowValueTempG                    cstackCOMMON 00076
isr@rowValueTempR                    cstackCOMMON 00075
ltemp                                (abs)        0007E
ltemp0                               (abs)        0007E
ltemp1                               (abs)        00082
ltemp2                               (abs)        00086
ltemp3                               (abs)        00080
pic14e$flags                         (abs)        0007E
reset_vec                            reset_vec    00000
setTime@changesMadeFlag              cstackBANK0  00030
setTime@currentFieldSelected         cstackBANK0  00038
setTime@currentFieldValue            cstackBANK0  00033
setTime@i                            cstackBANK0  00035
setTime@tempHours                    cstackBANK0  00031
setTime@tempMinutes                  cstackBANK0  00032
setTime@tempValue                    cstackBANK0  00036
setTime@tempValueTens                cstackBANK0  0002C
setTime@tempValueUnits               cstackBANK0  0002E
showTime@currentAnimationFrame       cstackBANK0  0003B
showTime@currentAnimationFrameSigned cstackBANK0  00038
showTime@currentPwmLevel             cstackBANK0  0002D
showTime@elementHourTens             cstackBANK0  00034
showTime@elementHourUnits            cstackBANK0  00035
showTime@elementMinuteTens           cstackBANK0  00036
showTime@elementMinuteUnits          cstackBANK0  00037
showTime@loopsUntilTimeout           cstackBANK0  00030
showTime@tempPixelB                  cstackBANK0  00033
showTime@tempPixelG                  cstackBANK0  00032
showTime@tempPixelR                  cstackBANK0  00031
showTime@x                           cstackBANK0  0003A
showTime@xLast                       cstackBANK0  0002E
showTime@y                           cstackBANK0  00039
showTime@yLast                       cstackBANK0  0002F
stackhi                              (abs)        0231F
stacklo                              (abs)        0202B
start                                init         0011D
start_initialization                 cinit        0011F
ttemp                                (abs)        0007E
ttemp0                               (abs)        0007E
ttemp1                               (abs)        00081
ttemp2                               (abs)        00084
ttemp3                               (abs)        00087
ttemp4                               (abs)        0007F
wtemp                                (abs)        0007E
wtemp0                               (abs)        0007E
wtemp1                               (abs)        00080
wtemp2                               (abs)        00082
wtemp3                               (abs)        00084
wtemp4                               (abs)        00086
wtemp5                               (abs)        00088
wtemp6                               (abs)        0007F


FUNCTION INFORMATION:

 *************** function _main *****************
 Defined at:
		line 173 in file "../2010_05_28_b_matriLedWatch_main.c"
 Parameters:    Size  Location     Type
		None
 Auto vars:     Size  Location     Type
		None
 Return value:  Size  Location     Type
		None               void
 Registers used:
		wreg, fsr0l, fsr0h, fsr1l, fsr1h, status,2, status,0, pclath, cstack
 Tracked objects:
		On entry : 
		On exit  : 
		Unchanged: 
 Data sizes:     COMMON   BANK0   BANK1   BANK2   BANK3   BANK4   BANK5   BANK6   BANK7   BANK8   BANK9  BANK10  BANK11  BANK12
      Params:         0       0       0       0       0       0       0       0       0       0       0       0       0       0
      Locals:         0       0       0       0       0       0       0       0       0       0       0       0       0       0
      Temps:          0       1       0       0       0       0       0       0       0       0       0       0       0       0
      Totals:         0       1       0       0       0       0       0       0       0       0       0       0       0       0
Total ram usage:        1 bytes
 Hardware stack levels required when called:    5
 This function calls:
		_fastClock
		_init
		_setTime
		_showTime
 This function is called by:
		Startup code after reset
 This function uses a non-reentrant model


 *************** function _showTime *****************
 Defined at:
		line 931 in file "../2010_05_28_b_matriLedWatch_main.c"
 Parameters:    Size  Location     Type
		None
 Auto vars:     Size  Location     Type
  currentAnima    1   27[BANK0 ] unsigned char 
  x               1   26[BANK0 ] unsigned char 
  y               1   25[BANK0 ] unsigned char 
  currentAnima    1   24[BANK0 ] char 
  elementMinut    1   23[BANK0 ] unsigned char 
  elementMinut    1   22[BANK0 ] unsigned char 
  elementHourU    1   21[BANK0 ] unsigned char 
  elementHourT    1   20[BANK0 ] unsigned char 
  tempPixelB      1   19[BANK0 ] unsigned char 
  tempPixelG      1   18[BANK0 ] unsigned char 
  tempPixelR      1   17[BANK0 ] unsigned char 
  loopsUntilTi    1   16[BANK0 ] unsigned char 
  yLast           1   15[BANK0 ] unsigned char 
  xLast           1   14[BANK0 ] unsigned char 
  currentPwmLe    1   13[BANK0 ] unsigned char 
  elementSecon    1    0        unsigned char 
  elementSecon    1    0        unsigned char 
 Return value:  Size  Location     Type
		None               void
 Registers used:
		wreg, fsr1l, fsr1h, status,2, status,0, pclath, cstack
 Tracked objects:
		On entry : 
		On exit  : 
		Unchanged: 
 Data sizes:     COMMON   BANK0   BANK1   BANK2   BANK3   BANK4   BANK5   BANK6   BANK7   BANK8   BANK9  BANK10  BANK11  BANK12
      Params:         0       0       0       0       0       0       0       0       0       0       0       0       0       0
      Locals:         0      15       0       0       0       0       0       0       0       0       0       0       0       0
      Temps:          0       4       0       0       0       0       0       0       0       0       0       0       0       0
      Totals:         0      19       0       0       0       0       0       0       0       0       0       0       0       0
Total ram usage:       19 bytes
 Hardware stack levels used:    1
 Hardware stack levels required when called:    2
 This function calls:
		___awdiv
		___awmod
		_bitmapClear
		_bitmapGetPixel
		_bitmapPutPixel
 This function is called by:
		_main
 This function uses a non-reentrant model


 *************** function _bitmapGetPixel *****************
 Defined at:
		line 709 in file "../2010_05_28_b_matriLedWatch_main.c"
 Parameters:    Size  Location     Type
  x               1    wreg     unsigned char 
  y               1    0[BANK0 ] unsigned char 
  r               1    1[BANK0 ] PTR unsigned char 
		 -> showTime@tempPixelR(1), 
  g               1    2[BANK0 ] PTR unsigned char 
		 -> showTime@tempPixelG(1), 
  b               1    3[BANK0 ] PTR unsigned char 
		 -> showTime@tempPixelB(1), 
 Auto vars:     Size  Location     Type
  x               1    5[BANK0 ] unsigned char 
  currentPixel    1    7[BANK0 ] unsigned char 
  i               1    6[BANK0 ] unsigned char 
 Return value:  Size  Location     Type
		None               void
 Registers used:
		wreg, fsr1l, fsr1h, status,2, status,0
 Tracked objects:
		On entry : 
		On exit  : 
		Unchanged: 
 Data sizes:     COMMON   BANK0   BANK1   BANK2   BANK3   BANK4   BANK5   BANK6   BANK7   BANK8   BANK9  BANK10  BANK11  BANK12
      Params:         0       4       0       0       0       0       0       0       0       0       0       0       0       0
      Locals:         0       3       0       0       0       0       0       0       0       0       0       0       0       0
      Temps:          0       1       0       0       0       0       0       0       0       0       0       0       0       0
      Totals:         0       8       0       0       0       0       0       0       0       0       0       0       0       0
Total ram usage:        8 bytes
 Hardware stack levels used:    1
 Hardware stack levels required when called:    1
 This function calls:
		Nothing
 This function is called by:
		_showTime
 This function uses a non-reentrant model


 *************** function _setTime *****************
 Defined at:
		line 771 in file "../2010_05_28_b_matriLedWatch_main.c"
 Parameters:    Size  Location     Type
		None
 Auto vars:     Size  Location     Type
  currentField    2   24[BANK0 ] unsigned int 
  tempValue       2   22[BANK0 ] int 
  currentField    2   19[BANK0 ] int 
  tempValueUni    2   14[BANK0 ] int 
  tempValueTen    2   12[BANK0 ] int 
  i               1   21[BANK0 ] unsigned char 
  tempMinutes     1   18[BANK0 ] unsigned char 
  tempHours       1   17[BANK0 ] unsigned char 
  changesMadeF    1   16[BANK0 ] unsigned char 
 Return value:  Size  Location     Type
		None               void
 Registers used:
		wreg, fsr0l, fsr0h, fsr1l, fsr1h, status,2, status,0, pclath, cstack
 Tracked objects:
		On entry : 
		On exit  : 
		Unchanged: 
 Data sizes:     COMMON   BANK0   BANK1   BANK2   BANK3   BANK4   BANK5   BANK6   BANK7   BANK8   BANK9  BANK10  BANK11  BANK12
      Params:         0       0       0       0       0       0       0       0       0       0       0       0       0       0
      Locals:         0      14       0       0       0       0       0       0       0       0       0       0       0       0
      Temps:          0       3       0       0       0       0       0       0       0       0       0       0       0       0
      Totals:         0      17       0       0       0       0       0       0       0       0       0       0       0       0
Total ram usage:       17 bytes
 Hardware stack levels used:    1
 Hardware stack levels required when called:    2
 This function calls:
		___awdiv
		___awmod
		_bitmapClear
		_bitmapPutPixel
 This function is called by:
		_main
 This function uses a non-reentrant model


 *************** function _bitmapPutPixel *****************
 Defined at:
		line 685 in file "../2010_05_28_b_matriLedWatch_main.c"
 Parameters:    Size  Location     Type
  x               1    wreg     unsigned char 
  y               1    0[BANK0 ] unsigned char 
  r               1    1[BANK0 ] unsigned char 
  g               1    2[BANK0 ] unsigned char 
  b               1    3[BANK0 ] unsigned char 
 Auto vars:     Size  Location     Type
  x               1    6[BANK0 ] unsigned char 
  currentPixel    1    8[BANK0 ] unsigned char 
  i               1    7[BANK0 ] unsigned char 
 Return value:  Size  Location     Type
		None               void
 Registers used:
		wreg, fsr1l, fsr1h, status,2, status,0
 Tracked objects:
		On entry : 
		On exit  : 
		Unchanged: 
 Data sizes:     COMMON   BANK0   BANK1   BANK2   BANK3   BANK4   BANK5   BANK6   BANK7   BANK8   BANK9  BANK10  BANK11  BANK12
      Params:         0       4       0       0       0       0       0       0       0       0       0       0       0       0
      Locals:         0       3       0       0       0       0       0       0       0       0       0       0       0       0
      Temps:          0       2       0       0       0       0       0       0       0       0       0       0       0       0
      Totals:         0       9       0       0       0       0       0       0       0       0       0       0       0       0
Total ram usage:        9 bytes
 Hardware stack levels used:    1
 Hardware stack levels required when called:    1
 This function calls:
		Nothing
 This function is called by:
		_setTime
		_showTime
		_bitmapTest
		_bitmapDrawChar
 This function uses a non-reentrant model


 *************** function ___awmod *****************
 Defined at:
		line 6 in file "/Applications/microchip/xc8/v1.32/sources/common/awmod.c"
 Parameters:    Size  Location     Type
  divisor         2    0[BANK0 ] int 
  dividend        2    2[BANK0 ] int 
 Auto vars:     Size  Location     Type
  sign            1    6[BANK0 ] unsigned char 
  counter         1    5[BANK0 ] unsigned char 
 Return value:  Size  Location     Type
                  2    0[BANK0 ] int 
 Registers used:
		wreg, status,2, status,0
 Tracked objects:
		On entry : 
		On exit  : 
		Unchanged: 
 Data sizes:     COMMON   BANK0   BANK1   BANK2   BANK3   BANK4   BANK5   BANK6   BANK7   BANK8   BANK9  BANK10  BANK11  BANK12
      Params:         0       4       0       0       0       0       0       0       0       0       0       0       0       0
      Locals:         0       2       0       0       0       0       0       0       0       0       0       0       0       0
      Temps:          0       1       0       0       0       0       0       0       0       0       0       0       0       0
      Totals:         0       7       0       0       0       0       0       0       0       0       0       0       0       0
Total ram usage:        7 bytes
 Hardware stack levels used:    1
 Hardware stack levels required when called:    1
 This function calls:
		Nothing
 This function is called by:
		_setTime
		_showTime
 This function uses a non-reentrant model


 *************** function ___awdiv *****************
 Defined at:
		line 6 in file "/Applications/microchip/xc8/v1.32/sources/common/awdiv.c"
 Parameters:    Size  Location     Type
  divisor         2    0[BANK0 ] int 
  dividend        2    2[BANK0 ] int 
 Auto vars:     Size  Location     Type
  quotient        2    7[BANK0 ] int 
  sign            1    6[BANK0 ] unsigned char 
  counter         1    5[BANK0 ] unsigned char 
 Return value:  Size  Location     Type
                  2    0[BANK0 ] int 
 Registers used:
		wreg, status,2, status,0
 Tracked objects:
		On entry : 
		On exit  : 
		Unchanged: 
 Data sizes:     COMMON   BANK0   BANK1   BANK2   BANK3   BANK4   BANK5   BANK6   BANK7   BANK8   BANK9  BANK10  BANK11  BANK12
      Params:         0       4       0       0       0       0       0       0       0       0       0       0       0       0
      Locals:         0       4       0       0       0       0       0       0       0       0       0       0       0       0
      Temps:          0       1       0       0       0       0       0       0       0       0       0       0       0       0
      Totals:         0       9       0       0       0       0       0       0       0       0       0       0       0       0
Total ram usage:        9 bytes
 Hardware stack levels used:    1
 Hardware stack levels required when called:    1
 This function calls:
		Nothing
 This function is called by:
		_setTime
		_showTime
 This function uses a non-reentrant model


 *************** function _init *****************
 Defined at:
		line 273 in file "../2010_05_28_b_matriLedWatch_main.c"
 Parameters:    Size  Location     Type
		None
 Auto vars:     Size  Location     Type
		None
 Return value:  Size  Location     Type
                  1    wreg      unsigned char 
 Registers used:
		wreg, fsr1l, fsr1h, status,2, status,0, pclath, cstack
 Tracked objects:
		On entry : 
		On exit  : 
		Unchanged: 
 Data sizes:     COMMON   BANK0   BANK1   BANK2   BANK3   BANK4   BANK5   BANK6   BANK7   BANK8   BANK9  BANK10  BANK11  BANK12
      Params:         0       0       0       0       0       0       0       0       0       0       0       0       0       0
      Locals:         0       0       0       0       0       0       0       0       0       0       0       0       0       0
      Temps:          0       2       0       0       0       0       0       0       0       0       0       0       0       0
      Totals:         0       2       0       0       0       0       0       0       0       0       0       0       0       0
Total ram usage:        2 bytes
 Hardware stack levels used:    1
 Hardware stack levels required when called:    4
 This function calls:
		_InitBma150
		_bitmapClear
 This function is called by:
		_main
 This function uses a non-reentrant model


 *************** function _bitmapClear *****************
 Defined at:
		line 762 in file "../2010_05_28_b_matriLedWatch_main.c"
 Parameters:    Size  Location     Type
		None
 Auto vars:     Size  Location     Type
  i               1    1[BANK0 ] unsigned char 
 Return value:  Size  Location     Type
		None               void
 Registers used:
		wreg, fsr1l, fsr1h, status,2, status,0
 Tracked objects:
		On entry : 
		On exit  : 
		Unchanged: 
 Data sizes:     COMMON   BANK0   BANK1   BANK2   BANK3   BANK4   BANK5   BANK6   BANK7   BANK8   BANK9  BANK10  BANK11  BANK12
      Params:         0       0       0       0       0       0       0       0       0       0       0       0       0       0
      Locals:         0       1       0       0       0       0       0       0       0       0       0       0       0       0
      Temps:          0       1       0       0       0       0       0       0       0       0       0       0       0       0
      Totals:         0       2       0       0       0       0       0       0       0       0       0       0       0       0
Total ram usage:        2 bytes
 Hardware stack levels used:    1
 Hardware stack levels required when called:    1
 This function calls:
		Nothing
 This function is called by:
		_init
		_setTime
		_showTime
 This function uses a non-reentrant model


 *************** function _InitBma150 *****************
 Defined at:
		line 35 in file "../BMA150.c"
 Parameters:    Size  Location     Type
		None
 Auto vars:     Size  Location     Type
  i               2    7[BANK0 ] unsigned short 
  reg             1    9[BANK0 ] struct .
 Return value:  Size  Location     Type
		None               void
 Registers used:
		wreg, status,2, status,0, pclath, cstack
 Tracked objects:
		On entry : 
		On exit  : 
		Unchanged: 
 Data sizes:     COMMON   BANK0   BANK1   BANK2   BANK3   BANK4   BANK5   BANK6   BANK7   BANK8   BANK9  BANK10  BANK11  BANK12
      Params:         0       0       0       0       0       0       0       0       0       0       0       0       0       0
      Locals:         0       3       0       0       0       0       0       0       0       0       0       0       0       0
      Temps:          0       2       0       0       0       0       0       0       0       0       0       0       0       0
      Totals:         0       5       0       0       0       0       0       0       0       0       0       0       0       0
Total ram usage:        5 bytes
 Hardware stack levels used:    1
 Hardware stack levels required when called:    3
 This function calls:
		_BMA150_ReadByte
		_BMA150_WriteByte
 This function is called by:
		_init
 This function uses a non-reentrant model


 *************** function _BMA150_WriteByte *****************
 Defined at:
		line 86 in file "../BMA150.c"
 Parameters:    Size  Location     Type
  address         1    wreg     unsigned char 
  data            1    1[BANK0 ] unsigned char 
 Auto vars:     Size  Location     Type
  address         1    4[BANK0 ] unsigned char 
  storage         1    3[BANK0 ] unsigned char 
 Return value:  Size  Location     Type
		None               void
 Registers used:
		wreg, status,2, status,0, pclath, cstack
 Tracked objects:
		On entry : 
		On exit  : 
		Unchanged: 
 Data sizes:     COMMON   BANK0   BANK1   BANK2   BANK3   BANK4   BANK5   BANK6   BANK7   BANK8   BANK9  BANK10  BANK11  BANK12
      Params:         0       1       0       0       0       0       0       0       0       0       0       0       0       0
      Locals:         0       2       0       0       0       0       0       0       0       0       0       0       0       0
      Temps:          0       1       0       0       0       0       0       0       0       0       0       0       0       0
      Totals:         0       4       0       0       0       0       0       0       0       0       0       0       0       0
Total ram usage:        4 bytes
 Hardware stack levels used:    1
 Hardware stack levels required when called:    2
 This function calls:
		_BMA150_ReadByte
 This function is called by:
		_InitBma150
 This function uses a non-reentrant model


 *************** function _BMA150_ReadByte *****************
 Defined at:
		line 128 in file "../BMA150.c"
 Parameters:    Size  Location     Type
  address         1    wreg     unsigned char 
 Auto vars:     Size  Location     Type
  address         1    0[BANK0 ] unsigned char 
 Return value:  Size  Location     Type
                  1    wreg      unsigned char 
 Registers used:
		wreg, status,2
 Tracked objects:
		On entry : 
		On exit  : 
		Unchanged: 
 Data sizes:     COMMON   BANK0   BANK1   BANK2   BANK3   BANK4   BANK5   BANK6   BANK7   BANK8   BANK9  BANK10  BANK11  BANK12
      Params:         0       0       0       0       0       0       0       0       0       0       0       0       0       0
      Locals:         0       1       0       0       0       0       0       0       0       0       0       0       0       0
      Temps:          0       0       0       0       0       0       0       0       0       0       0       0       0       0
      Totals:         0       1       0       0       0       0       0       0       0       0       0       0       0       0
Total ram usage:        1 bytes
 Hardware stack levels used:    1
 Hardware stack levels required when called:    1
 This function calls:
		Nothing
 This function is called by:
		_InitBma150
		_BMA150_WriteByte
 This function uses a non-reentrant model


 *************** function _fastClock *****************
 Defined at:
		line 1174 in file "../2010_05_28_b_matriLedWatch_main.c"
 Parameters:    Size  Location     Type
		None
 Auto vars:     Size  Location     Type
		None
 Return value:  Size  Location     Type
		None               void
 Registers used:
		wreg
 Tracked objects:
		On entry : 
		On exit  : 
		Unchanged: 
 Data sizes:     COMMON   BANK0   BANK1   BANK2   BANK3   BANK4   BANK5   BANK6   BANK7   BANK8   BANK9  BANK10  BANK11  BANK12
      Params:         0       0       0       0       0       0       0       0       0       0       0       0       0       0
      Locals:         0       0       0       0       0       0       0       0       0       0       0       0       0       0
      Temps:          0       0       0       0       0       0       0       0       0       0       0       0       0       0
      Totals:         0       0       0       0       0       0       0       0       0       0       0       0       0       0
Total ram usage:        0 bytes
 Hardware stack levels used:    1
 Hardware stack levels required when called:    1
 This function calls:
		Nothing
 This function is called by:
		_main
 This function uses a non-reentrant model


 *************** function _isr *****************
 Defined at:
		line 381 in file "../2010_05_28_b_matriLedWatch_main.c"
 Parameters:    Size  Location     Type
		None
 Auto vars:     Size  Location     Type
  currentRefre    1    8[COMMON] unsigned char 
  rowValueTemp    1    7[COMMON] unsigned char 
  rowValueTemp    1    6[COMMON] unsigned char 
  rowValueTemp    1    5[COMMON] unsigned char 
 Return value:  Size  Location     Type
		None               void
 Registers used:
		wreg, fsr0l, fsr0h, fsr1l, fsr1h, status,2, status,0
 Tracked objects:
		On entry : 
		On exit  : 
		Unchanged: 
 Data sizes:     COMMON   BANK0   BANK1   BANK2   BANK3   BANK4   BANK5   BANK6   BANK7   BANK8   BANK9  BANK10  BANK11  BANK12
      Params:         0       0       0       0       0       0       0       0       0       0       0       0       0       0
      Locals:         4       0       0       0       0       0       0       0       0       0       0       0       0       0
      Temps:          5       0       0       0       0       0       0       0       0       0       0       0       0       0
      Totals:         9       0       0       0       0       0       0       0       0       0       0       0       0       0
Total ram usage:        9 bytes
 Hardware stack levels used:    1
 This function calls:
		Nothing
 This function is called by:
		Interrupt level 1
 This function uses a non-reentrant model



MODULE INFORMATION

Module		Function		Class		Link	Load	Size
/Applications/microchip/xc8/v1.32/sources/common/awdiv.c
		___awdiv       		CODE           	0DB2	0000	84

/Applications/microchip/xc8/v1.32/sources/common/awdiv.c estimated size: 84

shared
		_font          		STRCODE        	0200	0000	640
		__initializatio		CODE           	011F	0000	33

shared estimated size: 673

/Applications/microchip/xc8/v1.32/sources/common/awmod.c
		___awmod       		CODE           	0CCF	0000	72

/Applications/microchip/xc8/v1.32/sources/common/awmod.c estimated size: 72

../2010_05_28_b_matriLedWatch_main.c
		_init          		CODE           	06E8	0000	145
		_bitmapClear   		CODE           	07EB	0000	18
		_bitmapGetPixel		CODE           	0D63	0000	79
		_showTime      		CODE           	0480	0000	616
		_fastClock     		CODE           	0C76	0000	6
		_bitmapPutPixel		CODE           	0D17	0000	76
		_main          		CODE           	0C88	0000	71
		_isr           		CODE           	0004	0000	281
		_setTime       		CODE           	0E06	0000	506

../2010_05_28_b_matriLedWatch_main.c estimated size: 1798

../BMA150.c
		_InitBma150    		CODE           	0144	0000	99
		_BMA150_WriteBy		CODE           	0779	0000	114
		_BMA150_ReadByt		CODE           	01A7	0000	89

../BMA150.c estimated size: 302

